// Jest Snapshot v1, https://goo.gl/fbAQLP

exports[`sourceMap true 1`] = `
SourceMap {
  "file": "default-named.js",
  "mappings": "AAAA,sBAA6B;AAC7B,gBAAuB;AACvB,oBAA2B;AAC3B,wBAA+B;AAC/B,iCAAwC;AACxC;AACA;;",
  "names": Array [],
  "sources": Array [
    "source/__tests__/__specs__/default-named.js",
  ],
  "sourcesContent": Array [
    "export const test = 'string';
export const test1 = 5;
export const test3 = false;
export const test4 = undefined;
export const test5 = new Symbol('duck');

export default (foo) => {
  console.log(foo + 'bar');
};
",
  ],
  "version": 3,
}
`;
